Checking for BNet client credentials: 1 args received
BDK Engine State Log (Debug): Running

BDK initialized successfully; reports IsInitialized: 1
Obtaining geolocation info from BNet server...
BDK Network Log (Debug): 
Sending request (2): GET api.bethesda.net/starcore/status
	Header: X-BNET-Agent: DOOM 64;4.2.2;BDK;1.0023.00000;MICROSOFTSTORE
	Header: X-BNET-Key: DCAjIAlK...
	Body: 

BDK Network Log (Debug): 
Sending request (6): GET api.bethesda.net/beam/legal_documents/required?platform=MICROSOFTSTORE&country=FR&language=fr&format=TXT
	Header: X-BNET-Agent: DOOM 64;4.2.2;BDK;1.0023.00000;MICROSOFTSTORE
	Header: X-BNET-Key: DCAjIAlK...
	Header: x-src-fp: 5517882078F1E27749FC6235DFDAB81E32C211AD
	Body: 

BDK Network Log (Debug): 
Sending request (4): GET api.bethesda.net/beam/legal_documents/required?platform=MICROSOFTSTORE&country=US&language=en&format=TXT
	Header: X-BNET-Agent: DOOM 64;4.2.2;BDK;1.0023.00000;MICROSOFTSTORE
	Header: X-BNET-Key: DCAjIAlK...
	Header: x-src-fp: 5517882078F1E27749FC6235DFDAB81E32C211AD
	Body: 

BDK Network Log (Debug): 
Sending request (1): POST api.bethesda.net/log/v3/collect_logdata?signature_hash=NDM1ODM0NTQzMTQyYWE0MDBkNGIwZGVkMTFkYjY2NDVhMmFjZjFmZg%3D%3D;product_id=616
	Header: X-BNET-Agent: DOOM 64;4.2.2;BDK;1.0023.00000;MICROSOFTSTORE
	Header: X-BNET-Key: DCAjIAlK...
	Header: Content-Type: application/json
	Body: { "product_id": 616, "event_type": "game_start", "environment": "live", "logdata": { "header": { "event_type": "game_start", "product_id": 616, "environment": "prod", "platform_id": 7, "game_version": "4.2.2", "player_ip": null, "server_ip": null, "server_source": null, "server_version": null, "timestamp": 1789837918, "timestamp_ms": 143207, "session_id": "16d1e36d-dfae-4fd7-bb02-0b978b9ca22f", "bdk_version": "1.0023.00000"} , "payload": { "persistent_uuid": null, "buid": null, "start_reason": 1} } } 

BDK Network Log (Debug): Response received (2): HTTP 200

BDK Network Log (Debug): 	Body (2): {"platform":{"message":{"status":"ok"}}}


BDK Network Log (Debug): 
Sending request (8): GET api.bethesda.net/beam/legal_documents/required?platform=MICROSOFTSTORE&country=IT&language=it&format=TXT
	Header: X-BNET-Agent: DOOM 64;4.2.2;BDK;1.0023.00000;MICROSOFTSTORE
	Header: X-BNET-Key: DCAjIAlK...
	Header: x-src-fp: 5517882078F1E27749FC6235DFDAB81E32C211AD
	Body: 

BDK Network Log (Debug): Response received (6): HTTP 200

BDK Network Log (Debug): 	Body (6): {"items":[{"doctype":"CoC","full_name":"ZeniMax Code of Conduct 2.0","id":55,"language":["fr"],"url":"https://bethesda.net/data/coc/fr.txt"},{"doctype":"ToS","full_name":"ZeniMax Terms of Service 7.0","id":65,"language":["fr"],"url":"https://bethesda.net/data/tos/fr.txt"},{"doctype":"PP","full_name":"ZeniMax Privacy Policy 6.0","id":67,"language":["fr"],"url":"https://bethesda.net/data/pp/fr.txt"}]}


BDK Network Log (Debug): 
Sending request (10): GET api.bethesda.net/beam/legal_documents/required?platform=MICROSOFTSTORE&country=DE&language=de&format=TXT
	Header: X-BNET-Agent: DOOM 64;4.2.2;BDK;1.0023.00000;MICROSOFTSTORE
	Header: X-BNET-Key: DCAjIAlK...
	Header: x-src-fp: 5517882078F1E27749FC6235DFDAB81E32C211AD
	Body: 

BDK Network Log (Debug): Response received (4): HTTP 200

BDK Network Log (Debug): 	Body (4): {"items":[{"doctype":"CoC","full_name":"ZeniMax Code of Conduct 2.0","id":55,"language":["en"],"url":"https://bethesda.net/data/coc/en.txt"},{"doctype":"ToS","full_name":"ZeniMax Terms of Service 7.0","id":65,"language":["en"],"url":"https://bethesda.net/data/tos/en.txt"},{"doctype":"PP","full_name":"ZeniMax Privacy Policy 6.0","id":67,"language":["en"],"url":"https://bethesda.net/data/pp/en.txt"}]}


BDK Network Log (Debug): 
Sending request (12): GET api.bethesda.net/beam/legal_documents/required?platform=MICROSOFTSTORE&country=ES&language=es&format=TXT
	Header: X-BNET-Agent: DOOM 64;4.2.2;BDK;1.0023.00000;MICROSOFTSTORE
	Header: X-BNET-Key: DCAjIAlK...
	Header: x-src-fp: 5517882078F1E27749FC6235DFDAB81E32C211AD
	Body: 

BDK Network Log (Debug): Response received (1): HTTP 200

BDK Network Log (Debug): 	Body (1): {"code":2000,"message":"success"}

BDK Network Log (Debug): Response received (8): HTTP 200

BDK Network Log (Debug): 	Body (8): {"items":[{"doctype":"CoC","full_name":"ZeniMax Code of Conduct 2.0","id":55,"language":["it"],"url":"https://bethesda.net/data/coc/it.txt"},{"doctype":"ToS","full_name":"ZeniMax Terms of Service 7.0","id":65,"language":["it"],"url":"https://bethesda.net/data/tos/it.txt"},{"doctype":"PP","full_name":"ZeniMax Privacy Policy 6.0","id":67,"language":["it"],"url":"https://bethesda.net/data/pp/it.txt"}]}


BDK Network Log (Debug): Response received (10): HTTP 200

BDK Network Log (Debug): 	Body (10): {"items":[{"doctype":"CoC","full_name":"ZeniMax Code of Conduct 2.0","id":55,"language":["de"],"url":"https://bethesda.net/data/coc/de.txt"},{"doctype":"ToS","full_name":"ZeniMax Terms of Service 7.0","id":65,"language":["de"],"url":"https://bethesda.net/data/tos/de.txt"},{"doctype":"PP","full_name":"ZeniMax Privacy Policy 6.0","id":67,"language":["de"],"url":"https://bethesda.net/data/pp/de.txt"}]}


BDK Network Log (Debug): Response received (12): HTTP 200

BDK Network Log (Debug): 	Body (12): {"items":[{"doctype":"CoC","full_name":"ZeniMax Code of Conduct 2.0","id":55,"language":["es"],"url":"https://bethesda.net/data/coc/es.txt"},{"doctype":"ToS","full_name":"ZeniMax Terms of Service 7.0","id":65,"language":["es"],"url":"https://bethesda.net/data/tos/es.txt"},{"doctype":"PP","full_name":"ZeniMax Privacy Policy 6.0","id":67,"language":["es"],"url":"https://bethesda.net/data/pp/es.txt"}]}


